[button_test] temporary human-readable hardware diagnostic
[button_test] NOT the production serial protocol
[button_test] no debounce, repeat, or long-press logic
[button_test] polling interval: 1 ms
[button_test] initial button=1 gpio=GP2 level=1 state=RELEASED
[button_test] initial button=2 gpio=GP3 level=1 state=RELEASED
[button_test] initial button=3 gpio=GP4 level=1 state=RELEASED
[button_test] initial button=4 gpio=GP5 level=1 state=RELEASED
[button_test] initial button=5 gpio=GP6 level=1 state=RELEASED
[button_test] initial button=6 gpio=GP7 level=1 state=RELEASED
[button_test] initial button=7 gpio=GP8 level=1 state=RELEASED
[button_test] elapsed_us=7857810 button=3 gpio=GP4 level=0 state=PRESSED
[button_test] elapsed_us=8153760 button=3 gpio=GP4 level=1 state=RELEASED
[button_test] elapsed_us=9621142 button=1 gpio=GP2 level=0 state=PRESSED
[button_test] elapsed_us=9940876 button=1 gpio=GP2 level=1 state=RELEASED
[button_test] elapsed_us=12567737 button=4 gpio=GP5 level=0 state=PRESSED
[button_test] elapsed_us=12865857 button=2 gpio=GP3 level=0 state=PRESSED
[button_test] elapsed_us=13893448 button=2 gpio=GP3 level=1 state=RELEASED
[button_test] elapsed_us=14056415 button=4 gpio=GP5 level=1 state=RELEASED
[button_test] elapsed_us=16934215 button=2 gpio=GP3 level=0 state=PRESSED
[button_test] elapsed_us=17307015 button=2 gpio=GP3 level=1 state=RELEASED
[button_test] elapsed_us=18057292 button=3 gpio=GP4 level=0 state=PRESSED
[button_test] elapsed_us=18337292 button=3 gpio=GP4 level=1 state=RELEASED
[button_test] elapsed_us=19459079 button=3 gpio=GP4 level=0 state=PRESSED
[button_test] elapsed_us=19722278 button=3 gpio=GP4 level=1 state=RELEASED
[button_test] elapsed_us=20012817 button=4 gpio=GP5 level=0 state=PRESSED
[button_test] elapsed_us=20016921 button=1 gpio=GP2 level=0 state=PRESSED
[button_test] elapsed_us=20297939 button=1 gpio=GP2 level=1 state=RELEASED
[button_test] elapsed_us=20303384 button=4 gpio=GP5 level=1 state=RELEASED
[button_test] elapsed_us=20305337 button=4 gpio=GP5 level=0 state=PRESSED
[button_test] elapsed_us=20306362 button=4 gpio=GP5 level=1 state=RELEASED
[button_test] elapsed_us=20307410 button=4 gpio=GP5 level=0 state=PRESSED
[button_test] elapsed_us=20308473 button=4 gpio=GP5 level=1 state=RELEASED
[button_test] elapsed_us=20310335 button=4 gpio=GP5 level=0 state=PRESSED
[button_test] elapsed_us=20336956 button=4 gpio=GP5 level=1 state=RELEASED
[button_test] elapsed_us=20671377 button=4 gpio=GP5 level=0 state=PRESSED
[button_test] elapsed_us=21044313 button=4 gpio=GP5 level=1 state=RELEASED
[button_test] elapsed_us=21068967 button=2 gpio=GP3 level=0 state=PRESSED
[button_test] elapsed_us=21262533 button=3 gpio=GP4 level=0 state=PRESSED
[button_test] elapsed_us=21542811 button=3 gpio=GP4 level=1 state=RELEASED
[button_test] elapsed_us=21572265 button=2 gpio=GP3 level=1 state=RELEASED
[button_test] elapsed_us=21930681 button=2 gpio=GP3 level=0 state=PRESSED
[button_test] elapsed_us=22243556 button=2 gpio=GP3 level=1 state=RELEASED
[button_test] elapsed_us=22731984 button=2 gpio=GP3 level=0 state=PRESSED
[button_test] elapsed_us=23020265 button=2 gpio=GP3 level=1 state=RELEASED
[button_test] elapsed_us=24275289 button=2 gpio=GP3 level=0 state=PRESSED
[button_test] elapsed_us=24853567 button=2 gpio=GP3 level=1 state=RELEASED
[button_test] elapsed_us=25605399 button=3 gpio=GP4 level=0 state=PRESSED
[button_test] elapsed_us=26139261 button=3 gpio=GP4 level=1 state=RELEASED
[button_test] elapsed_us=26506510 button=3 gpio=GP4 level=0 state=PRESSED
[button_test] elapsed_us=26936709 button=3 gpio=GP4 level=1 state=RELEASED
[button_test] elapsed_us=27311248 button=1 gpio=GP2 level=0 state=PRESSED
[button_test] elapsed_us=27660789 button=1 gpio=GP2 level=1 state=RELEASED
[button_test] elapsed_us=30613386 button=7 gpio=GP8 level=0 state=PRESSED
[button_test] elapsed_us=30815375 button=7 gpio=GP8 level=1 state=RELEASED
[button_test] elapsed_us=31391400 button=6 gpio=GP7 level=0 state=PRESSED
[button_test] elapsed_us=31554540 button=6 gpio=GP7 level=1 state=RELEASED
[button_test] elapsed_us=32016584 button=5 gpio=GP6 level=0 state=PRESSED
[button_test] elapsed_us=32224332 button=5 gpio=GP6 level=1 state=RELEASED
[button_test] elapsed_us=33592968 button=5 gpio=GP6 level=0 state=PRESSED
[button_test] elapsed_us=33756177 button=5 gpio=GP6 level=1 state=RELEASED
[button_test] elapsed_us=33870151 button=5 gpio=GP6 level=0 state=PRESSED
[button_test] elapsed_us=33997368 button=5 gpio=GP6 level=1 state=RELEASED
[button_test] elapsed_us=34000324 button=5 gpio=GP6 level=0 state=PRESSED
[button_test] elapsed_us=34001376 button=5 gpio=GP6 level=1 state=RELEASED
[button_test] elapsed_us=34069072 button=5 gpio=GP6 level=0 state=PRESSED
[button_test] elapsed_us=34166339 button=5 gpio=GP6 level=1 state=RELEASED
[button_test] elapsed_us=34167392 button=5 gpio=GP6 level=0 state=PRESSED
[button_test] elapsed_us=34169469 button=5 gpio=GP6 level=1 state=RELEASED
[button_test] elapsed_us=34726566 button=6 gpio=GP7 level=0 state=PRESSED
[button_test] elapsed_us=34855328 button=6 gpio=GP7 level=1 state=RELEASED
[button_test] elapsed_us=34925840 button=6 gpio=GP7 level=0 state=PRESSED
[button_test] elapsed_us=35038568 button=6 gpio=GP7 level=1 state=RELEASED
[button_test] elapsed_us=35362592 button=7 gpio=GP8 level=0 state=PRESSED
[button_test] elapsed_us=35533375 button=7 gpio=GP8 level=1 state=RELEASED
[button_test] elapsed_us=35608549 button=7 gpio=GP8 level=0 state=PRESSED
[button_test] elapsed_us=35724963 button=7 gpio=GP8 level=1 state=RELEASED
[button_test] elapsed_us=35817494 button=7 gpio=GP8 level=0 state=PRESSED
[button_test] elapsed_us=35895853 button=7 gpio=GP8 level=1 state=RELEASED
